###############################################################################
#
# IAR ELF Linker V3.11.1.207 for STM8                     08/Nov/2022  01:49:59
# Copyright 2010-2019 IAR Systems AB.
#
#    Output file  =  
#        C:\Users\Dazer\Documents\GitHub\Taible-Nixe-Clock\Soft\VFD_Clock\Debug\Exe\VfdClock.out
#    Map file     =  
#        C:\Users\Dazer\Documents\GitHub\Taible-Nixe-Clock\Soft\VFD_Clock\Debug\List\VfdClock.map
#    Command line =  
#        -f C:\Users\Dazer\AppData\Local\Temp\EWDC77.tmp
#        (C:\Users\Dazer\Documents\GitHub\Taible-Nixe-Clock\Soft\VFD_Clock\Debug\Obj\Buttons.o
#        C:\Users\Dazer\Documents\GitHub\Taible-Nixe-Clock\Soft\VFD_Clock\Debug\Obj\Clock.o
#        C:\Users\Dazer\Documents\GitHub\Taible-Nixe-Clock\Soft\VFD_Clock\Debug\Obj\I2C.o
#        C:\Users\Dazer\Documents\GitHub\Taible-Nixe-Clock\Soft\VFD_Clock\Debug\Obj\Lamp.o
#        C:\Users\Dazer\Documents\GitHub\Taible-Nixe-Clock\Soft\VFD_Clock\Debug\Obj\main.o
#        C:\Users\Dazer\Documents\GitHub\Taible-Nixe-Clock\Soft\VFD_Clock\Debug\Obj\System.o
#        --redirect _Printf=_PrintfFullNoMb --redirect _Scanf=_ScanfFullNoMb
#        --no_out_extension -o
#        C:\Users\Dazer\Documents\GitHub\Taible-Nixe-Clock\Soft\VFD_Clock\Debug\Exe\VfdClock.out
#        --map
#        C:\Users\Dazer\Documents\GitHub\Taible-Nixe-Clock\Soft\VFD_Clock\Debug\List\VfdClock.map
#        --config "C:\Program Files (x86)\IAR Systems\Embedded Workbench
#        8.3\stm8\config\lnkstm8s003f3.icf" --config_def _CSTACK_SIZE=0x100
#        --config_def _HEAP_SIZE=0x100 --entry __iar_program_start --debug_lib)
#
###############################################################################

*******************************************************************************
*** RUNTIME MODEL ATTRIBUTES
***

__SystemLibrary            = DLib
__code_model               = small
__core                     = stm8
__data_model               = medium
__dlib_file_descriptor     = 0
__dlib_full_locale_support = 0
__rt_version               = 4


*******************************************************************************
*** PLACEMENT SUMMARY
***

"A0":  place at start of [0x000000-0x0000ff] { rw section .vregs };
"A1":  place at end of [0x000000-0x0003ff] { block CSTACK };
"P2":  place in [from 0x000000 to 0x0003ff] {
          block HEAP, rw section __DLIB_PERTHREAD, rw section .far.bss,
          rw section .far.data, rw section .far.noinit,
          rw section .far_func.textrw, rw section .huge.bss,
          rw section .huge.data, rw section .huge.noinit,
          rw section .huge_func.textrw, rw section .iar.dynexit,
          rw section .near.bss, rw section .near.data, rw section .near.noinit,
          rw section .near_func.textrw };
"A2":  place at start of [0x008000-0x009fff] { block INTVEC };
"P3":  place in [from 0x008000 to 0x009fff] {
          ro section __DLIB_PERTHREAD_init, ro section .far.data_init,
          ro section .far_func.textrw_init, ro section .huge.data_init,
          ro section .huge_func.textrw_init, ro section .iar.init_table,
          ro section .init_array, ro section .near.data_init,
          ro section .near.rodata, ro section .near_func.text,
          ro section .near_func.textrw_init, ro section .tiny.data_init,
          ro section .tiny.rodata_init };
"P4":  place in [from 0x008000 to 0x009fff] {
          ro section .far.rodata, ro section .far_func.text };
"P5":  place in [from 0x008000 to 0x009fff] {
          ro section .huge.rodata, ro section .huge_func.text };
do not initialize {
   rw section .eeprom.noinit, rw section .far.noinit, rw section .huge.noinit,
   rw section .near.noinit, rw section .tiny.noinit, rw section .vregs };
initialize by copy {
   rw section .far.bss, rw section .far.data, rw section .far_func.textrw,
   rw section .huge.bss, rw section .huge.data, rw section .huge_func.textrw,
   rw section .iar.dynexit, rw section .near.bss, rw section .near.data,
   rw section .near_func.textrw, rw section .tiny.bss, rw section .tiny.data,
   ro section .tiny.rodata };

No sections matched the following patterns:

  ro section .far.data_init          in "P3-P5"
  ro section .far.rodata             in "P3-P5"
  ro section .far_func.text          in "P3-P5"
  ro section .far_func.textrw_init   in "P3-P5"
  ro section .huge.data_init         in "P3-P5"
  ro section .huge.rodata            in "P3-P5"
  ro section .huge_func.text         in "P3-P5"
  ro section .huge_func.textrw_init  in "P3-P5"
  ro section .iar.init_table         in "P3-P5"
  ro section .init_array             in "P3-P5"
  ro section .near.rodata            in "P3-P5"
  ro section .near_func.textrw_init  in "P3-P5"
  ro section .tiny.data_init         in "P3-P5"
  ro section .tiny.rodata_init       in "P3-P5"
  ro section __DLIB_PERTHREAD_init   in "P3-P5"
  rw section .far.bss                in "P2"
  rw section .far.data               in "P2"
  rw section .far.noinit             in "P2"
  rw section .far_func.textrw        in "P2"
  rw section .huge.bss               in "P2"
  rw section .huge.data              in "P2"
  rw section .huge.noinit            in "P2"
  rw section .huge_func.textrw       in "P2"
  rw section .iar.dynexit            in "P2"
  rw section .near.noinit            in "P2"
  rw section .near_func.textrw       in "P2"
  rw section .tiny.bss               in "P1"
  rw section .tiny.data              in "P1"
  rw section .tiny.noinit            in "P1"
  rw section .tiny.rodata            in "P1"
  rw section __DLIB_PERTHREAD        in "P2"
  section .eeprom.data               in "P6-P8"
  section .eeprom.noinit             in "P6-P8"
  section .eeprom.rodata             in "P6-P8"


  Section            Kind      Address   Size  Object
  -------            ----      -------   ----  ------
"A0":                                     0xc
  .vregs             uninit   0x000000    0xc  vregs.o [4]
                            - 0x00000c    0xc

"P2", part 1 of 2:                       0x20
  P2-1                        0x00000c   0x20  <Init block>
    .near.data       inited   0x00000c   0x14  Lamp.o [1]
    .near.data       inited   0x000020    0xc  Lamp.o [1]
                            - 0x00002c   0x20

"P2", part 2 of 2:                       0x37
  .near.bss          zero     0x00002c    0x6  Buttons.o [1]
  .near.bss          zero     0x000032    0x6  Lamp.o [1]
  .near.bss          zero     0x000038    0x6  Lamp.o [1]
  .near.bss          zero     0x00003e    0x4  System.o [1]
  .near.bss          zero     0x000042    0x3  Buttons.o [1]
  .near.bss          zero     0x000045    0x3  Buttons.o [1]
  .near.bss          zero     0x000048    0x3  Buttons.o [1]
  .near.bss          zero     0x00004b    0x3  Buttons.o [1]
  .near.bss          zero     0x00004e    0x3  Clock.o [1]
  .near.bss          zero     0x000051    0x2  Clock.o [1]
  .near.bss          zero     0x000053    0x2  Clock.o [1]
  .near.bss          zero     0x000055    0x2  Clock.o [1]
  .near.bss          zero     0x000057    0x2  I2C.o [1]
  .near.bss          zero     0x000059    0x1  Buttons.o [1]
  .near.bss          zero     0x00005a    0x1  Clock.o [1]
  .near.bss          zero     0x00005b    0x1  Clock.o [1]
  .near.bss          zero     0x00005c    0x1  Clock.o [1]
  .near.bss          zero     0x00005d    0x1  Clock.o [1]
  .near.bss          zero     0x00005e    0x1  Clock.o [1]
  .near.bss          zero     0x00005f    0x1  Clock.o [1]
  .near.bss          zero     0x000060    0x1  Clock.o [1]
  .near.bss          zero     0x000061    0x1  Lamp.o [1]
  .near.bss          zero     0x000062    0x1  Lamp.o [1]
                            - 0x000063   0x37

"A1":                                   0x100
  CSTACK                      0x000300  0x100  <Block>
    CSTACK           uninit   0x000300  0x100  <Block tail>
                            - 0x000400  0x100

"A2":                                    0x80
  INTVEC                      0x008000   0x80  <Block>
    .intvec          const    0x008000   0x80  interrupt.o [4]
                            - 0x008080   0x80

"P3-P5":                                0xab6
  .near_func.text    ro code  0x008080  0x17d  I2C.o [1]
  .near_func.text    ro code  0x0081fd  0x159  Clock.o [1]
  .near_func.text    ro code  0x008356   0xd0  I2C.o [1]
  .near_func.text    ro code  0x008426   0xc2  Lamp.o [1]
  .near_func.text    ro code  0x0084e8   0x95  I2C.o [1]
  .near_func.text    ro code  0x00857d   0x92  Clock.o [1]
  .near_func.text    ro code  0x00860f   0x8c  Clock.o [1]
  .near_func.text    ro code  0x00869b   0x89  long.o [4]
  .near_func.text    ro code  0x008724   0x88  Buttons.o [1]
  .near_func.text    ro code  0x0087ac   0x70  System.o [1]
  .near_func.text    ro code  0x00881c   0x5b  Clock.o [1]
  .near_func.text    ro code  0x008877   0x4c  main.o [1]
  .near_func.text    ro code  0x0088c3   0x45  System.o [1]
  .near_func.text    ro code  0x008908   0x41  Clock.o [1]
  .near_func.text    ro code  0x008949   0x3b  Clock.o [1]
  .near_func.text    ro code  0x008984   0x31  Buttons.o [1]
  .near_func.text    ro code  0x0089b5   0x28  init_small.o [4]
  .near_func.text    ro code  0x0089dd   0x21  System.o [1]
  .iar.init_table    const    0x0089fe   0x12  - Linker created -
  Initializer bytes  const    0x008a10   0x20  <for P2-1>
  .near_func.text    ro code  0x008a30   0x1e  init_small.o [4]
  .near_func.text    ro code  0x008a4e   0x1c  long_util.o [4]
  .near_func.text    ro code  0x008a6a   0x19  Clock.o [1]
  .near_func.text    ro code  0x008a83   0x18  vreg_util.o [4]
  .near_func.text    ro code  0x008a9b   0x14  init.o [4]
  .near_func.text    ro code  0x008aaf   0x14  __dbg_xxexit.o [3]
  .near_func.text    ro code  0x008ac3   0x13  System.o [1]
  .near_func.text    ro code  0x008ad6   0x13  cstartup.o [4]
  .near_func.text    ro code  0x008ae9   0x11  System.o [1]
  .near_func.text    ro code  0x008afa   0x11  System.o [1]
  .near_func.text    ro code  0x008b0b   0x10  Lamp.o [1]
  .near_func.text    ro code  0x008b1b    0x8  short.o [4]
  .near_func.text    ro code  0x008b23    0x5  cexit.o [4]
  .near_func.text    ro code  0x008b28    0x3  interrupt.o [4]
  .near_func.text    ro code  0x008b2b    0x3  low_level_init.o [4]
  .near_func.text    ro code  0x008b2e    0x3  exit.o [4]
  .near_func.text    ro code  0x008b31    0x3  unhandled_exception.o [4]
  .near_func.text    ro code  0x008b34    0x1  Buttons.o [1]
  .near_func.text    ro code  0x008b35    0x1  __dbg_break.o [3]
                            - 0x008b36  0xab6


*******************************************************************************
*** INIT TABLE
***

          Address   Size
          -------   ----
Zero (__iar_zero_init2)
    1 destination range, total size 0x37:
          0x00002c  0x37

Copy (__iar_copy_init2)
    1 source range, total size 0x20:
          0x008a10  0x20
    1 destination range, total size 0x20:
          0x00000c  0x20



*******************************************************************************
*** MODULE SUMMARY
***

    Module                 ro code  ro data  rw data
    ------                 -------  -------  -------
C:\Users\Dazer\Documents\GitHub\Taible-Nixe-Clock\Soft\VFD_Clock\Debug\Obj: [1]
    Buttons.o                  186                19
    Clock.o                    871                16
    I2C.o                      738                 2
    Lamp.o                     210       32       46
    System.o                   267                 4
    main.o                      76
    ------------------------------------------------
    Total:                   2 348       32       87

command line: [2]
    ------------------------------------------------
    Total:

dbgstm8smd.a: [3]
    __dbg_break.o                1
    __dbg_xxexit.o              20
    ------------------------------------------------
    Total:                      21

dlstm8smn.a: [4]
    cexit.o                      5
    cstartup.o                  19
    exit.o                       3
    init.o                      20
    init_small.o                70
    interrupt.o                  3      128
    long.o                     137
    long_util.o                 28
    low_level_init.o             3
    short.o                      8
    unhandled_exception.o        3
    vreg_util.o                 24
    vregs.o                                       12
    ------------------------------------------------
    Total:                     323      128       12

    Linker created                       18      256
----------------------------------------------------
    Grand Total:             2 692      178      355


*******************************************************************************
*** ENTRY LIST
***

Entry                    Address   Size  Type      Object
-----                    -------   ----  ----      ------
.iar.init_table$$Base   0x0089fe          --   Gb  - Linker created -
.iar.init_table$$Limit  0x008a10          --   Gb  - Linker created -
?b0                     0x000000         Data  Gb  vregs.o [4]
?b1                     0x000001         Data  Gb  vregs.o [4]
?b10                    0x00000a         Data  Gb  vregs.o [4]
?b11                    0x00000b         Data  Gb  vregs.o [4]
?b2                     0x000002         Data  Gb  vregs.o [4]
?b3                     0x000003         Data  Gb  vregs.o [4]
?b4                     0x000004         Data  Gb  vregs.o [4]
?b5                     0x000005         Data  Gb  vregs.o [4]
?b6                     0x000006         Data  Gb  vregs.o [4]
?b7                     0x000007         Data  Gb  vregs.o [4]
?b8                     0x000008         Data  Gb  vregs.o [4]
?b9                     0x000009         Data  Gb  vregs.o [4]
?e0                     0x000001         Data  Gb  vregs.o [4]
?e1                     0x000005         Data  Gb  vregs.o [4]
?e2                     0x000009         Data  Gb  vregs.o [4]
?l0                     0x000000         Data  Gb  vregs.o [4]
?l1                     0x000004         Data  Gb  vregs.o [4]
?l2                     0x000008         Data  Gb  vregs.o [4]
?load32_l1_0x           0x008a5e         Code  Gb  long_util.o [4]
?load32_l1_asp          0x008a53         Code  Gb  long_util.o [4]
?load32_l1_dbsp         0x008a4e         Code  Gb  long_util.o [4]
?load32_l1_xsp          0x008a55         Code  Gb  long_util.o [4]
?push_w4                0x008a83         Code  Gb  vreg_util.o [4]
?sll16_x_x_a            0x008b1b         Code  Gb  short.o [4]
?sll32_0x_0x_a          0x008716         Code  Gb  long.o [4]
?sll32_l0_l0_a          0x008713         Code  Gb  long.o [4]
?ucmp32_c_l0_l1         0x008708         Code  Gb  long.o [4]
?udiv32_l0_l0_l1        0x00869b         Code  Gb  long.o [4]
?umod32_l1_l0_l1        0x00869b         Code  Gb  long.o [4]
?w0                     0x000000         Data  Gb  vregs.o [4]
?w1                     0x000002         Data  Gb  vregs.o [4]
?w2                     0x000004         Data  Gb  vregs.o [4]
?w3                     0x000006         Data  Gb  vregs.o [4]
?w4                     0x000008         Data  Gb  vregs.o [4]
?w5                     0x00000a         Data  Gb  vregs.o [4]
ButtonPins              0x000042    0x3  Data  Gb  Buttons.o [1]
ButtonTrigger           0x00004b    0x3  Data  Gb  Buttons.o [1]
ButtonsPort             0x00002c    0x6  Data  Gb  Buttons.o [1]
CSTACK$$Base            0x000300          --   Gb  - Linker created -
CSTACK$$Limit           0x000400          --   Gb  - Linker created -
DotEnable               0x000061    0x1  Data  Gb  Lamp.o [1]
EXTI3                   0x008a6a   0x19  Code  Gb  Clock.o [1]
INTVEC$$Base            0x008000          --   Gb  - Linker created -
INTVEC$$Limit           0x008080          --   Gb  - Linker created -
ReadI2C                 0x008080  0x17d  Code  Gb  I2C.o [1]
Region$$Table$$Base     0x0089fe          --   Gb  - Linker created -
Region$$Table$$Limit    0x008a10          --   Gb  - Linker created -
ValueLamp               0x000038    0x6  Data  Gb  Lamp.o [1]
WriteI2C                0x008356   0xd0  Code  Gb  I2C.o [1]
__DebugBreak            0x008b35    0x1  Code  Gb  __dbg_break.o [3]
__exit                  0x008aaf   0x14  Code  Gb  __dbg_xxexit.o [3]
__iar_copy_init2        0x0089b5         Code  Gb  init_small.o [4]
__iar_data_init2        0x008a9b   0x14  Code  Gb  init.o [4]
__iar_program_start     0x008ad6         Code  Gb  cstartup.o [4]
__iar_unhandled_exception
                        0x008b31         Code  Gb  unhandled_exception.o [4]
__iar_zero_init2        0x008a30         Code  Gb  init_small.o [4]
__intvec                0x008000         Data  Gb  interrupt.o [4]
__low_level_init        0x008b2b    0x3  Code  Gb  low_level_init.o [4]
_exit                   0x008b23         Code  Gb  cexit.o [4]
_interrupt_7            0x008a6a         Code  Gb  Clock.o [1]
bcdToDecimal            0x008ac3   0x13  Code  Gb  System.o [1]
countDelInc             0x000055    0x2  Data  Gb  Clock.o [1]
countDelPressed         0x000053    0x2  Data  Gb  Clock.o [1]
countLamp               0x000062    0x1  Data  Gb  Lamp.o [1]
countPosit              0x00005b    0x1  Data  Gb  Clock.o [1]
counterButtons          0x000059    0x1  Data  Gb  Buttons.o [1]
decimalToBcd            0x0089dd   0x21  Code  Gb  System.o [1]
decrementTime           0x008949   0x3b  Code  Gb  Clock.o [1]
delCountBlink           0x000051    0x2  Data  Gb  Clock.o [1]
delCountButtOff         0x000048    0x3  Data  Gb  Buttons.o [1]
delCountButtOn          0x000045    0x3  Data  Gb  Buttons.o [1]
delay                   0x0087ac   0x70  Code  Gb  System.o [1]
digisEnable             0x000032    0x6  Data  Gb  Lamp.o [1]
digisLampSymbols        0x00000c   0x14  Data  Gb  Lamp.o [1]
exit                    0x008b2e    0x3  Code  Gb  exit.o [4]
hour                    0x00005e    0x1  Data  Gb  Clock.o [1]
incrementTime           0x008908   0x41  Code  Gb  Clock.o [1]
initButtons             0x008984   0x31  Code  Gb  Buttons.o [1]
initClock               0x008ae9   0x11  Code  Gb  System.o [1]
initDs1307              0x00881c   0x5b  Code  Gb  Clock.o [1]
initGPIO                0x0088c3   0x45  Code  Gb  System.o [1]
initI2C                 0x0084e8   0x95  Code  Gb  I2C.o [1]
initLamp                0x008b0b   0x10  Code  Gb  Lamp.o [1]
initTimers              0x008afa   0x11  Code  Gb  System.o [1]
isMenu                  0x00005a    0x1  Data  Gb  Clock.o [1]
isReadClock             0x000060    0x1  Data  Gb  Clock.o [1]
lampControlGridPosit    0x000020    0xc  Data  Gb  Lamp.o [1]
main                    0x008877   0x4c  Code  Gb  main.o [1]
minute                  0x00005d    0x1  Data  Gb  Clock.o [1]
onClickButton           0x00860f   0x8c  Code  Gb  Clock.o [1]
processButtons          0x008724   0x88  Code  Gb  Buttons.o [1]
processClock            0x00857d   0x92  Code  Gb  Clock.o [1]
processDisplay          0x008426   0xc2  Code  Gb  Lamp.o [1]
processMenu             0x0081fd  0x159  Code  Gb  Clock.o [1]
seconds                 0x00005c    0x1  Data  Gb  Clock.o [1]
tickDelTime             0x000057    0x2  Data  Gb  I2C.o [1]
tickDelay               0x00003e    0x4  Data  Gb  System.o [1]
triggerBLink            0x00005f    0x1  Data  Gb  Clock.o [1]
unPressedButton         0x008b34    0x1  Code  Wk  Buttons.o [1]
vals                    0x00004e    0x3  Data  Gb  Clock.o [1]


[1] = C:\Users\Dazer\Documents\GitHub\Taible-Nixe-Clock\Soft\VFD_Clock\Debug\Obj
[2] = command line
[3] = dbgstm8smd.a
[4] = dlstm8smn.a

  2 692 bytes of readonly  code memory
    178 bytes of readonly  data memory
    355 bytes of readwrite data memory

Errors: none
Warnings: none
